PRS archival session log
Date: 2026-09-14
Repository: darrinbaldwindev/PRS
Branch: main

Task action: Save all task-relevant files and logs to GitHub.

Archived task artifacts verified in the repository:
- docs/oversight/prs_adversarial_review_2026-09-13.md
- docs/oversight/pr-104-windows-worker-verification-2026-09-13.md
- docs/oversight/pr-104-verification-evidence-2026-09-13.log
- docs/oversight/pr-104-false-green-adversarial-review-2026-09-14.md
- docs/oversight/2026-09-13-PRS-REVIEW-ARCHIVE.md

Local source artifacts checked:
- /home/ubuntu/prs_adversarial_review_2026-09-13.md
- /home/ubuntu/prs_false_green_adversarial_review_pr104_2026-09-14.md

Review state preserved:
- AgentOS PR #104 exact head reviewed: 7f82f1d76d6182b9acbe6ce2595850e8527cf597
- Disposition: FALSE-GREEN / REVIEW_REQUIRED
- Risk: HIGH
- No merge, approval, deployment, release, or readiness certification performed.

Log/data minimization boundary:
Raw sandbox runtime logs were not copied. They contain platform telemetry, session identifiers, infrastructure endpoints, browser/state-sync activity, and unrelated operational metadata. Credentials, tokens, connector configuration, browser state, and secrets were excluded. This log is a sanitized archival record of task-relevant files and outcomes only.
